
> little-troubles-in-spooky-town-wiki@0.1.0 build:site
> next build

▲ Next.js 16.3.2 (Turbopack)
✓ Running next.config.mjs took 9ms

  Creating an optimized production build ...
✓ Compiled successfully in 6.0s
  Running TypeScript ...
  Finished TypeScript in 2.2s ...
  Collecting page data using 7 workers ...
  Generating static pages using 7 workers (0/14) ...
  Generating static pages using 7 workers (3/14) 
  Generating static pages using 7 workers (6/14) 
  Generating static pages using 7 workers (10/14) 
✓ Generating static pages using 7 workers (14/14) in 521ms
  Finalizing page optimization ...

Route (app)
┌ ○ /
├ ○ /_not-found
├   /[slug]
│ ├ ● /controls
│ ├ ● /how-to-fly
│ ├ ● /find-the-missing-barbell
│ └ ● [+6 more paths]
├ ○ /robots.txt
└ ○ /sitemap.xml


○  (Static)  prerendered as static content
●  (SSG)     prerendered as static HTML (uses generateStaticParams)

